✔ 诊断只保留域名、脱敏路径和结构，不输出查询值、正文值或私密键 (0.606792ms)
✔ 网络观察只有校准期间生效，结束后不增加请求；完成事件保留状态 (18.088541ms)
✔ 其他分页请求不混入；无分页 Worker 明确标记，非 Teams 来源忽略 (0.644875ms)
✔ 诊断最多120秒、60条；会话归属校验阻止其他来源读取 (10.247417ms)
✔ 录制定位错误立即暂停，只执行一次且不增加跳过或成功 (0.581125ms)
✔ 联络人和活动定位错误同样立即暂停，不累计虚假回放轮数 (0.134375ms)
✔ 浏览器捕获200仅成为待核对候选；核对后精确替换线程并保留认证 (14.537583ms)
✔ 不得复用校准源ID、联系人标识或另一个会话类型 (0.208708ms)
✔ 只认可对应分页与页面；其他分页、iframe、无归属Worker和外部来源不能成为候选 (0.258208ms)
✔ 明确归属当前分页的Worker可校准；仍须命中该页校准前的会话ID (0.524292ms)
✔ 另一个分页或刷新后的页面不能读取认证或执行已捕获模板 (0.375958ms)
✔ 必须只捕获一次删除且属于校准前列表 (0.211875ms)
✔ 不复用请求体、查询、跨域、POST形态，也不读取Cookie替代认证 (0.653584ms)
✔ 重定向、失败与未完成请求不能作为成功校准 (0.72225ms)
✔ 认证失效清除校准；短时校准与五分钟空闲到期后拒绝发送 (0.612791ms)
✔ 请求必须串行；成功执行延长活跃校准，不能用错误响应延长有效期 (1.322916ms)
✔ 三步复现网页观察0/浏览器200：第2步自动验证，第3步核对并开始，不派发鼠标 (26.6675ms)
✔ 网页合成点击无法校准、确认或开始清理 (1.896417ms)
✔ 过大成功正文暂停为待核对，不能进入隐藏或反复重发 (3.802333ms)
✔ 手动请求不归属当前分页时不能启用确认或发送接口请求 (1.278292ms)
✔ 先结束但响应未完成时仍保留第2步；完成后再结束可继续而不另删一条 (1.214292ms)
✔ 接口401在验证阶段停止，不开放批量 (1.119ms)
✔ 未知200响应不能直接开放批量，明确要求核对 (1.873958ms)
✔ 验证请求等待时暂停：保留待核对状态，不误开放批量 (3.284709ms)
✔ 批量暂停后后台校准丢失：继续仍执行剩余记录，既不重发待核对请求也不清空进度 (1.601791ms)
✔ 失败聊天被跳过，后续聊天继续处理，暂停续跑仍记得跳过项 (1.9855ms)
✔ 定位失败最多三次即暂停，不把所有聊天盲目跳过 (0.277084ms)
✔ 暂停立即中断长录制等待 (0.241958ms)
✔ 执行中暂停后不计成功，也不执行下一条 (0.11225ms)
✔ 联络人和活动固定轨迹被拒绝时停止，不猜测下一条位置 (0.13475ms)
✔ 固定轨迹成功只记录回放轮数，找不到目标连续三次停止 (0.093875ms)
✔ 两个独立分类队列的进度不互相覆盖 (0.107584ms)
✔ 录制数据损坏或过长时拒绝执行 (0.22325ms)
✔ 只接受聊天 ID，排除联系人 MRI 和任意网址 (0.383375ms)
✔ 请求模板只替换目标 ID，保留已验证的请求语义 (0.303334ms)
✔ 请求体涉及另一聊天、联系人或非 JSON 时拒绝模板 (0.080291ms)
✔ 204 是成功；200 中的业务错误、未知结构和异步 202 不误报成功 (0.151375ms)
✔ 认证、单项拒绝、限流、服务端故障分类准确 (0.053667ms)
✔ 按 Retry-After 秒数和 HTTP 日期等待，不擅自缩短 (0.2255ms)
✔ 不转发 Cookie、Host 或任意第三方头 (11.430333ms)
✔ v1.0.2 历史 Groups 路径只接受当前成功校准的 DELETE 形态 (0.523625ms)
✔ 历史接口精确替换线程路径末尾，不错替换 threads 或版本段 (0.287458ms)
✔ 实际接口控制器：拒绝一条后继续，成功队列去重并正常结束 (15.839167ms)
✔ 实际控制器遇到401停止，且不把认证失败记录为单项不可删除 (0.933417ms)
✔ 连续三条被拒绝即暂停，避免整批无效清理 (0.780959ms)
✔ 连续普通单项拒绝不会误判整条接口失效 (0.616167ms)
✔ 429按返回时间等待，再重试同一条，不虚增成功次数 (1.004125ms)
✔ 结果不确定时暂停，继续后不重复删除那条记录 (0.615958ms)
✔ 没有单条验证就不能批量执行；核对按钮只在验证成功后显示 (0.60975ms)
✔ 同类分页锁被占用时不发出删除请求 (0.695667ms)
✔ 三个区域使用不同录制键，不覆盖另一区域的数据 (0.755042ms)
✔ 先删除全部，包括可删除的只有我；结束后才隐藏明确拒绝的记录 (1.330458ms)
✔ 未知结果隔离后继续删除其他聊天，不自动进入隐藏 (0.895042ms)
✔ 隐藏阶段暂停后继续：保留删除进度，只重试未提交的隐藏 (1.347583ms)
✔ 脱敏诊断不复制页面任意role属性中的私密值 (1.310417ms)
✔ 执行期间网页修改隐藏勾选框不能改变已确认的本轮配置 (1.139209ms)
✔ 没有 MAIN、网页消息桥、远程脚本或多域名网络权限 (3.286041ms)
✔ 后台拒绝同源子框架、缺失文档标识、非本扩展、伪域名及主页面URL回退 (14.356833ms)
✔ 刷新后的同一分页不能结束或读取旧文档诊断 (0.637875ms)
✔ 未知消息操作被拒绝，不创建会话或返回敏感模板 (0.354208ms)
✔ 旧文档的网络事件不能进入新文档诊断 (2.0305ms)
✔ 请求模板不能把认证头发往其他站点、非默认端口或同域子站点 (0.444916ms)
✔ 流式响应在超过64KiB时中止读取，不无限缓存chunked正文 (2.179541ms)
✔ 过大Content-Length预先拒绝；正常JSON完整解析 (0.783333ms)
✔ 超过32位的等待拆分而非溢出为立即重试，暂停仍取消等待 (0.637375ms)
ℹ tests 65
ℹ suites 0
ℹ pass 65
ℹ fail 0
ℹ cancelled 0
ℹ skipped 0
ℹ todo 0
ℹ duration_ms 112.787417
